../Drivers/CMSIS/Include/core_cm4.h:2059:26:ITM_SendChar	16	static,ignoring_inline_asm
../Core/Src/main.c:50:5:_write	32	static
../Core/Src/main.c:80:13:rb_push	24	static
../Core/Src/main.c:108:6:HAL_FDCAN_RxFifo0Callback	16	static
../Core/Src/main.c:120:6:HAL_FDCAN_TxBufferCompleteCallback	16	static
../Core/Src/main.c:130:5:main	56	static
../Core/Src/main.c:270:6:SystemClock_Config	88	static
../Core/Src/main.c:316:13:MX_FDCAN1_Init	8	static
../Core/Src/main.c:359:13:MX_GPIO_Init	24	static
../Core/Src/main.c:384:6:Error_Handler	4	static,ignoring_inline_asm
