../Drivers/CMSIS/Include/core_cm4.h:2059:26:ITM_SendChar	16	static,ignoring_inline_asm
../Core/Src/main.c:49:5:_write	32	static
../Core/Src/main.c:79:7:HAL_GPIO_EXTI_Callback	24	static
../Core/Src/main.c:97:6:HAL_FDCAN_RxFifo0Callback	24	static
../Core/Src/main.c:131:5:main	8	static
../Core/Src/main.c:214:6:SystemClock_Config	88	static
../Core/Src/main.c:260:13:MX_FDCAN1_Init	32	static
../Core/Src/main.c:314:13:MX_GPIO_Init	24	static
../Core/Src/main.c:339:6:Error_Handler	4	static,ignoring_inline_asm
