../Drivers/CMSIS/Include/core_cm4.h:2059:26:ITM_SendChar	16	static,ignoring_inline_asm
../Core/Src/main.c:51:5:_write	32	static
../Core/Src/main.c:77:6:HAL_FDCAN_RxFifo0Callback	16	static
../Core/Src/main.c:88:6:HAL_FDCAN_TxBufferCompleteCallback	16	static
../Core/Src/main.c:98:5:main	48	static
../Core/Src/main.c:241:6:SystemClock_Config	88	static
../Core/Src/main.c:287:13:MX_FDCAN1_Init	8	static
../Core/Src/main.c:330:13:MX_GPIO_Init	24	static
../Core/Src/main.c:356:6:BSP_PB_Callback	16	static
../Core/Src/main.c:368:6:Error_Handler	4	static,ignoring_inline_asm
